Process all open annotation issues	Set up job	﻿2026-04-14T16:59:04.6630699Z Current runner version: '2.333.1'
Process all open annotation issues	Set up job	2026-04-14T16:59:04.6655789Z ##[group]Runner Image Provisioner
Process all open annotation issues	Set up job	2026-04-14T16:59:04.6656661Z Hosted Compute Agent
Process all open annotation issues	Set up job	2026-04-14T16:59:04.6657292Z Version: 20260213.493
Process all open annotation issues	Set up job	2026-04-14T16:59:04.6657921Z Commit: 5c115507f6dd24b8de37d8bbe0bb4509d0cc0fa3
Process all open annotation issues	Set up job	2026-04-14T16:59:04.6658586Z Build Date: 2026-02-13T00:28:41Z
Process all open annotation issues	Set up job	2026-04-14T16:59:04.6659340Z Worker ID: {701c3970-bd7b-4ff5-ba0b-9ecb69085a00}
Process all open annotation issues	Set up job	2026-04-14T16:59:04.6660080Z Azure Region: westcentralus
Process all open annotation issues	Set up job	2026-04-14T16:59:04.6660627Z ##[endgroup]
Process all open annotation issues	Set up job	2026-04-14T16:59:04.6661997Z ##[group]Operating System
Process all open annotation issues	Set up job	2026-04-14T16:59:04.6662547Z Ubuntu
Process all open annotation issues	Set up job	2026-04-14T16:59:04.6663033Z 24.04.4
Process all open annotation issues	Set up job	2026-04-14T16:59:04.6663492Z LTS
Process all open annotation issues	Set up job	2026-04-14T16:59:04.6664017Z ##[endgroup]
Process all open annotation issues	Set up job	2026-04-14T16:59:04.6664480Z ##[group]Runner Image
Process all open annotation issues	Set up job	2026-04-14T16:59:04.6665066Z Image: ubuntu-24.04
Process all open annotation issues	Set up job	2026-04-14T16:59:04.6665828Z Version: 20260406.80.1
Process all open annotation issues	Set up job	2026-04-14T16:59:04.6666798Z Included Software: https://github.com/actions/runner-images/blob/ubuntu24/20260406.80/images/ubuntu/Ubuntu2404-Readme.md
Process all open annotation issues	Set up job	2026-04-14T16:59:04.6668490Z Image Release: https://github.com/actions/runner-images/releases/tag/ubuntu24%2F20260406.80
Process all open annotation issues	Set up job	2026-04-14T16:59:04.6669410Z ##[endgroup]
Process all open annotation issues	Set up job	2026-04-14T16:59:04.6670551Z ##[group]GITHUB_TOKEN Permissions
Process all open annotation issues	Set up job	2026-04-14T16:59:04.6672391Z Contents: write
Process all open annotation issues	Set up job	2026-04-14T16:59:04.6672889Z Issues: write
Process all open annotation issues	Set up job	2026-04-14T16:59:04.6673542Z Metadata: read
Process all open annotation issues	Set up job	2026-04-14T16:59:04.6674009Z ##[endgroup]
Process all open annotation issues	Set up job	2026-04-14T16:59:04.6676472Z Secret source: Actions
Process all open annotation issues	Set up job	2026-04-14T16:59:04.6677257Z Prepare workflow directory
Process all open annotation issues	Set up job	2026-04-14T16:59:04.7106347Z Prepare all required actions
Process all open annotation issues	Set up job	2026-04-14T16:59:04.7144122Z Getting action download info
Process all open annotation issues	Set up job	2026-04-14T16:59:05.2021236Z Download action repository 'actions/checkout@v4' (SHA:34e114876b0b11c390a56381ad16ebd13914f8d5)
Process all open annotation issues	Set up job	2026-04-14T16:59:05.3502678Z Download action repository 'actions/setup-python@v5' (SHA:a26af69be951a213d495a4c3e4e4022e16d87065)
Process all open annotation issues	Set up job	2026-04-14T16:59:05.5289082Z Complete job name: Process all open annotation issues
Process all open annotation issues	Checkout repository	﻿2026-04-14T16:59:05.5984371Z ##[group]Run actions/checkout@v4
Process all open annotation issues	Checkout repository	2026-04-14T16:59:05.5985458Z with:
Process all open annotation issues	Checkout repository	2026-04-14T16:59:05.5986099Z   token: ***
Process all open annotation issues	Checkout repository	2026-04-14T16:59:05.5986536Z   repository: space-gen/aurora
Process all open annotation issues	Checkout repository	2026-04-14T16:59:05.5987032Z   ssh-strict: true
Process all open annotation issues	Checkout repository	2026-04-14T16:59:05.5987448Z   ssh-user: git
Process all open annotation issues	Checkout repository	2026-04-14T16:59:05.5987881Z   persist-credentials: true
Process all open annotation issues	Checkout repository	2026-04-14T16:59:05.5988375Z   clean: true
Process all open annotation issues	Checkout repository	2026-04-14T16:59:05.5988813Z   sparse-checkout-cone-mode: true
Process all open annotation issues	Checkout repository	2026-04-14T16:59:05.5989346Z   fetch-depth: 1
Process all open annotation issues	Checkout repository	2026-04-14T16:59:05.5989763Z   fetch-tags: false
Process all open annotation issues	Checkout repository	2026-04-14T16:59:05.5990198Z   show-progress: true
Process all open annotation issues	Checkout repository	2026-04-14T16:59:05.5990637Z   lfs: false
Process all open annotation issues	Checkout repository	2026-04-14T16:59:05.5991041Z   submodules: false
Process all open annotation issues	Checkout repository	2026-04-14T16:59:05.5991473Z   set-safe-directory: true
Process all open annotation issues	Checkout repository	2026-04-14T16:59:05.5992143Z env:
Process all open annotation issues	Checkout repository	2026-04-14T16:59:05.5992569Z   FORCE_JAVASCRIPT_ACTIONS_TO_NODE24: true
Process all open annotation issues	Checkout repository	2026-04-14T16:59:05.5993130Z ##[endgroup]
Process all open annotation issues	Checkout repository	2026-04-14T16:59:05.6973411Z Syncing repository: space-gen/aurora
Process all open annotation issues	Checkout repository	2026-04-14T16:59:05.6975451Z ##[group]Getting Git version info
Process all open annotation issues	Checkout repository	2026-04-14T16:59:05.6976250Z Working directory is '/home/runner/work/aurora/aurora'
Process all open annotation issues	Checkout repository	2026-04-14T16:59:05.6977297Z [command]/usr/bin/git version
Process all open annotation issues	Checkout repository	2026-04-14T16:59:05.7005931Z git version 2.53.0
Process all open annotation issues	Checkout repository	2026-04-14T16:59:05.7064635Z ##[endgroup]
Process all open annotation issues	Checkout repository	2026-04-14T16:59:05.7082832Z Temporarily overriding HOME='/home/runner/work/_temp/671ad340-1a2b-4e72-bf74-5e39a0c948cb' before making global git config changes
Process all open annotation issues	Checkout repository	2026-04-14T16:59:05.7084319Z Adding repository directory to the temporary git global config as a safe directory
Process all open annotation issues	Checkout repository	2026-04-14T16:59:05.7089265Z [command]/usr/bin/git config --global --add safe.directory /home/runner/work/aurora/aurora
Process all open annotation issues	Checkout repository	2026-04-14T16:59:05.7128784Z Deleting the contents of '/home/runner/work/aurora/aurora'
Process all open annotation issues	Checkout repository	2026-04-14T16:59:05.7134417Z ##[group]Initializing the repository
Process all open annotation issues	Checkout repository	2026-04-14T16:59:05.7140088Z [command]/usr/bin/git init /home/runner/work/aurora/aurora
Process all open annotation issues	Checkout repository	2026-04-14T16:59:05.7228922Z hint: Using 'master' as the name for the initial branch. This default branch name
Process all open annotation issues	Checkout repository	2026-04-14T16:59:05.7230598Z hint: will change to "main" in Git 3.0. To configure the initial branch name
Process all open annotation issues	Checkout repository	2026-04-14T16:59:05.7232622Z hint: to use in all of your new repositories, which will suppress this warning,
Process all open annotation issues	Checkout repository	2026-04-14T16:59:05.7233734Z hint: call:
Process all open annotation issues	Checkout repository	2026-04-14T16:59:05.7234627Z hint:
Process all open annotation issues	Checkout repository	2026-04-14T16:59:05.7235946Z hint: 	git config --global init.defaultBranch <name>
Process all open annotation issues	Checkout repository	2026-04-14T16:59:05.7237199Z hint:
Process all open annotation issues	Checkout repository	2026-04-14T16:59:05.7238389Z hint: Names commonly chosen instead of 'master' are 'main', 'trunk' and
Process all open annotation issues	Checkout repository	2026-04-14T16:59:05.7239725Z hint: 'development'. The just-created branch can be renamed via this command:
Process all open annotation issues	Checkout repository	2026-04-14T16:59:05.7240481Z hint:
Process all open annotation issues	Checkout repository	2026-04-14T16:59:05.7241011Z hint: 	git branch -m <name>
Process all open annotation issues	Checkout repository	2026-04-14T16:59:05.7241781Z hint:
Process all open annotation issues	Checkout repository	2026-04-14T16:59:05.7242802Z hint: Disable this message with "git config set advice.defaultBranchName false"
Process all open annotation issues	Checkout repository	2026-04-14T16:59:05.7244001Z Initialized empty Git repository in /home/runner/work/aurora/aurora/.git/
Process all open annotation issues	Checkout repository	2026-04-14T16:59:05.7246114Z [command]/usr/bin/git remote add origin https://github.com/space-gen/aurora
Process all open annotation issues	Checkout repository	2026-04-14T16:59:05.7279784Z ##[endgroup]
Process all open annotation issues	Checkout repository	2026-04-14T16:59:05.7280611Z ##[group]Disabling automatic garbage collection
Process all open annotation issues	Checkout repository	2026-04-14T16:59:05.7284732Z [command]/usr/bin/git config --local gc.auto 0
Process all open annotation issues	Checkout repository	2026-04-14T16:59:05.7317860Z ##[endgroup]
Process all open annotation issues	Checkout repository	2026-04-14T16:59:05.7318618Z ##[group]Setting up auth
Process all open annotation issues	Checkout repository	2026-04-14T16:59:05.7327240Z [command]/usr/bin/git config --local --name-only --get-regexp core\.sshCommand
Process all open annotation issues	Checkout repository	2026-04-14T16:59:05.7362951Z [command]/usr/bin/git submodule foreach --recursive sh -c "git config --local --name-only --get-regexp 'core\.sshCommand' && git config --local --unset-all 'core.sshCommand' || :"
Process all open annotation issues	Checkout repository	2026-04-14T16:59:05.7676343Z [command]/usr/bin/git config --local --name-only --get-regexp http\.https\:\/\/github\.com\/\.extraheader
Process all open annotation issues	Checkout repository	2026-04-14T16:59:05.7706801Z [command]/usr/bin/git submodule foreach --recursive sh -c "git config --local --name-only --get-regexp 'http\.https\:\/\/github\.com\/\.extraheader' && git config --local --unset-all 'http.https://github.com/.extraheader' || :"
Process all open annotation issues	Checkout repository	2026-04-14T16:59:05.7934281Z [command]/usr/bin/git config --local --name-only --get-regexp ^includeIf\.gitdir:
Process all open annotation issues	Checkout repository	2026-04-14T16:59:05.7966635Z [command]/usr/bin/git submodule foreach --recursive git config --local --show-origin --name-only --get-regexp remote.origin.url
Process all open annotation issues	Checkout repository	2026-04-14T16:59:05.8194768Z [command]/usr/bin/git config --local http.https://github.com/.extraheader AUTHORIZATION: basic ***
Process all open annotation issues	Checkout repository	2026-04-14T16:59:05.8228701Z ##[endgroup]
Process all open annotation issues	Checkout repository	2026-04-14T16:59:05.8229457Z ##[group]Fetching the repository
Process all open annotation issues	Checkout repository	2026-04-14T16:59:05.8238560Z [command]/usr/bin/git -c protocol.version=2 fetch --no-tags --prune --no-recurse-submodules --depth=1 origin +84169fc4bd37e044edd712f1571a7c9387798f0d:refs/remotes/origin/main
Process all open annotation issues	Checkout repository	2026-04-14T16:59:06.3042241Z From https://github.com/space-gen/aurora
Process all open annotation issues	Checkout repository	2026-04-14T16:59:06.3044031Z  * [new ref]         84169fc4bd37e044edd712f1571a7c9387798f0d -> origin/main
Process all open annotation issues	Checkout repository	2026-04-14T16:59:06.3070084Z ##[endgroup]
Process all open annotation issues	Checkout repository	2026-04-14T16:59:06.3071095Z ##[group]Determining the checkout info
Process all open annotation issues	Checkout repository	2026-04-14T16:59:06.3072399Z ##[endgroup]
Process all open annotation issues	Checkout repository	2026-04-14T16:59:06.3077929Z [command]/usr/bin/git sparse-checkout disable
Process all open annotation issues	Checkout repository	2026-04-14T16:59:06.3117693Z [command]/usr/bin/git config --local --unset-all extensions.worktreeConfig
Process all open annotation issues	Checkout repository	2026-04-14T16:59:06.3145678Z ##[group]Checking out the ref
Process all open annotation issues	Checkout repository	2026-04-14T16:59:06.3150215Z [command]/usr/bin/git checkout --progress --force -B main refs/remotes/origin/main
Process all open annotation issues	Checkout repository	2026-04-14T16:59:06.3266515Z Switched to a new branch 'main'
Process all open annotation issues	Checkout repository	2026-04-14T16:59:06.3268904Z branch 'main' set up to track 'origin/main'.
Process all open annotation issues	Checkout repository	2026-04-14T16:59:06.3275686Z ##[endgroup]
Process all open annotation issues	Checkout repository	2026-04-14T16:59:06.3311378Z [command]/usr/bin/git log -1 --format=%H
Process all open annotation issues	Checkout repository	2026-04-14T16:59:06.3334528Z 84169fc4bd37e044edd712f1571a7c9387798f0d
Process all open annotation issues	Set up Python	﻿2026-04-14T16:59:06.3653593Z ##[group]Run actions/setup-python@v5
Process all open annotation issues	Set up Python	2026-04-14T16:59:06.3654743Z with:
Process all open annotation issues	Set up Python	2026-04-14T16:59:06.3655685Z   python-version: 3.11
Process all open annotation issues	Set up Python	2026-04-14T16:59:06.3656632Z   check-latest: false
Process all open annotation issues	Set up Python	2026-04-14T16:59:06.3657808Z   token: ***
Process all open annotation issues	Set up Python	2026-04-14T16:59:06.3658672Z   update-environment: true
Process all open annotation issues	Set up Python	2026-04-14T16:59:06.3659690Z   allow-prereleases: false
Process all open annotation issues	Set up Python	2026-04-14T16:59:06.3660679Z   freethreaded: false
Process all open annotation issues	Set up Python	2026-04-14T16:59:06.3661551Z env:
Process all open annotation issues	Set up Python	2026-04-14T16:59:06.3662611Z   FORCE_JAVASCRIPT_ACTIONS_TO_NODE24: true
Process all open annotation issues	Set up Python	2026-04-14T16:59:06.3663808Z ##[endgroup]
Process all open annotation issues	Set up Python	2026-04-14T16:59:06.4922457Z ##[group]Installed versions
Process all open annotation issues	Set up Python	2026-04-14T16:59:06.5011814Z (node:2284) [DEP0040] DeprecationWarning: The `punycode` module is deprecated. Please use a userland alternative instead.
Process all open annotation issues	Set up Python	2026-04-14T16:59:06.5015878Z (Use `node --trace-deprecation ...` to show where the warning was created)
Process all open annotation issues	Set up Python	2026-04-14T16:59:06.5018269Z Successfully set up CPython (3.11.15)
Process all open annotation issues	Set up Python	2026-04-14T16:59:06.5020774Z ##[endgroup]
Process all open annotation issues	Ensure git identity	﻿2026-04-14T16:59:06.5181059Z ##[group]Run git config user.name "github-actions[bot]"
Process all open annotation issues	Ensure git identity	2026-04-14T16:59:06.5182607Z [36;1mgit config user.name "github-actions[bot]"[0m
Process all open annotation issues	Ensure git identity	2026-04-14T16:59:06.5184335Z [36;1mgit config user.email "github-actions[bot]@users.noreply.github.com"[0m
Process all open annotation issues	Ensure git identity	2026-04-14T16:59:06.5221140Z shell: /usr/bin/bash -e {0}
Process all open annotation issues	Ensure git identity	2026-04-14T16:59:06.5222090Z env:
Process all open annotation issues	Ensure git identity	2026-04-14T16:59:06.5222868Z   FORCE_JAVASCRIPT_ACTIONS_TO_NODE24: true
Process all open annotation issues	Ensure git identity	2026-04-14T16:59:06.5224202Z   pythonLocation: /opt/hostedtoolcache/Python/3.11.15/x64
Process all open annotation issues	Ensure git identity	2026-04-14T16:59:06.5226106Z   PKG_CONFIG_PATH: /opt/hostedtoolcache/Python/3.11.15/x64/lib/pkgconfig
Process all open annotation issues	Ensure git identity	2026-04-14T16:59:06.5227788Z   Python_ROOT_DIR: /opt/hostedtoolcache/Python/3.11.15/x64
Process all open annotation issues	Ensure git identity	2026-04-14T16:59:06.5229305Z   Python2_ROOT_DIR: /opt/hostedtoolcache/Python/3.11.15/x64
Process all open annotation issues	Ensure git identity	2026-04-14T16:59:06.5230849Z   Python3_ROOT_DIR: /opt/hostedtoolcache/Python/3.11.15/x64
Process all open annotation issues	Ensure git identity	2026-04-14T16:59:06.5232402Z   LD_LIBRARY_PATH: /opt/hostedtoolcache/Python/3.11.15/x64/lib
Process all open annotation issues	Ensure git identity	2026-04-14T16:59:06.5233716Z ##[endgroup]
Process all open annotation issues	Install dependencies	﻿2026-04-14T16:59:06.5412160Z ##[group]Run pip install --upgrade pip
Process all open annotation issues	Install dependencies	2026-04-14T16:59:06.5413312Z [36;1mpip install --upgrade pip[0m
Process all open annotation issues	Install dependencies	2026-04-14T16:59:06.5414340Z [36;1mpip install requests[0m
Process all open annotation issues	Install dependencies	2026-04-14T16:59:06.5437468Z shell: /usr/bin/bash -e {0}
Process all open annotation issues	Install dependencies	2026-04-14T16:59:06.5438405Z env:
Process all open annotation issues	Install dependencies	2026-04-14T16:59:06.5439195Z   FORCE_JAVASCRIPT_ACTIONS_TO_NODE24: true
Process all open annotation issues	Install dependencies	2026-04-14T16:59:06.5440529Z   pythonLocation: /opt/hostedtoolcache/Python/3.11.15/x64
Process all open annotation issues	Install dependencies	2026-04-14T16:59:06.5442182Z   PKG_CONFIG_PATH: /opt/hostedtoolcache/Python/3.11.15/x64/lib/pkgconfig
Process all open annotation issues	Install dependencies	2026-04-14T16:59:06.5443869Z   Python_ROOT_DIR: /opt/hostedtoolcache/Python/3.11.15/x64
Process all open annotation issues	Install dependencies	2026-04-14T16:59:06.5445593Z   Python2_ROOT_DIR: /opt/hostedtoolcache/Python/3.11.15/x64
Process all open annotation issues	Install dependencies	2026-04-14T16:59:06.5447119Z   Python3_ROOT_DIR: /opt/hostedtoolcache/Python/3.11.15/x64
Process all open annotation issues	Install dependencies	2026-04-14T16:59:06.5448659Z   LD_LIBRARY_PATH: /opt/hostedtoolcache/Python/3.11.15/x64/lib
Process all open annotation issues	Install dependencies	2026-04-14T16:59:06.5449934Z ##[endgroup]
Process all open annotation issues	Install dependencies	2026-04-14T16:59:07.5157302Z Requirement already satisfied: pip in /opt/hostedtoolcache/Python/3.11.15/x64/lib/python3.11/site-packages (26.0.1)
Process all open annotation issues	Install dependencies	2026-04-14T16:59:08.3824484Z Collecting requests
Process all open annotation issues	Install dependencies	2026-04-14T16:59:08.4826400Z   Downloading requests-2.33.1-py3-none-any.whl.metadata (4.8 kB)
Process all open annotation issues	Install dependencies	2026-04-14T16:59:08.6191641Z Collecting charset_normalizer<4,>=2 (from requests)
Process all open annotation issues	Install dependencies	2026-04-14T16:59:08.6385150Z   Downloading charset_normalizer-3.4.7-cp311-cp311-manylinux2014_x86_64.manylinux_2_17_x86_64.manylinux_2_28_x86_64.whl.metadata (40 kB)
Process all open annotation issues	Install dependencies	2026-04-14T16:59:08.6876776Z Collecting idna<4,>=2.5 (from requests)
Process all open annotation issues	Install dependencies	2026-04-14T16:59:08.7067511Z   Downloading idna-3.11-py3-none-any.whl.metadata (8.4 kB)
Process all open annotation issues	Install dependencies	2026-04-14T16:59:08.7413697Z Collecting urllib3<3,>=1.26 (from requests)
Process all open annotation issues	Install dependencies	2026-04-14T16:59:08.7605821Z   Downloading urllib3-2.6.3-py3-none-any.whl.metadata (6.9 kB)
Process all open annotation issues	Install dependencies	2026-04-14T16:59:08.7914560Z Collecting certifi>=2023.5.7 (from requests)
Process all open annotation issues	Install dependencies	2026-04-14T16:59:08.8104263Z   Downloading certifi-2026.2.25-py3-none-any.whl.metadata (2.5 kB)
Process all open annotation issues	Install dependencies	2026-04-14T16:59:08.8331530Z Downloading requests-2.33.1-py3-none-any.whl (64 kB)
Process all open annotation issues	Install dependencies	2026-04-14T16:59:08.8652929Z Downloading charset_normalizer-3.4.7-cp311-cp311-manylinux2014_x86_64.manylinux_2_17_x86_64.manylinux_2_28_x86_64.whl (214 kB)
Process all open annotation issues	Install dependencies	2026-04-14T16:59:08.9281082Z Downloading idna-3.11-py3-none-any.whl (71 kB)
Process all open annotation issues	Install dependencies	2026-04-14T16:59:08.9590139Z Downloading urllib3-2.6.3-py3-none-any.whl (131 kB)
Process all open annotation issues	Install dependencies	2026-04-14T16:59:09.0035520Z Downloading certifi-2026.2.25-py3-none-any.whl (153 kB)
Process all open annotation issues	Install dependencies	2026-04-14T16:59:09.0489759Z Installing collected packages: urllib3, idna, charset_normalizer, certifi, requests
Process all open annotation issues	Install dependencies	2026-04-14T16:59:09.2884158Z 
Process all open annotation issues	Install dependencies	2026-04-14T16:59:09.2895848Z Successfully installed certifi-2026.2.25 charset_normalizer-3.4.7 idna-3.11 requests-2.33.1 urllib3-2.6.3
Process all open annotation issues	Run processor for all annotation issues	﻿2026-04-14T16:59:09.3520719Z ##[group]Run python scripts/process_all_annotation_issues.py
Process all open annotation issues	Run processor for all annotation issues	2026-04-14T16:59:09.3521194Z [36;1mpython scripts/process_all_annotation_issues.py[0m
Process all open annotation issues	Run processor for all annotation issues	2026-04-14T16:59:09.3545908Z shell: /usr/bin/bash -e {0}
Process all open annotation issues	Run processor for all annotation issues	2026-04-14T16:59:09.3546162Z env:
Process all open annotation issues	Run processor for all annotation issues	2026-04-14T16:59:09.3546375Z   FORCE_JAVASCRIPT_ACTIONS_TO_NODE24: true
Process all open annotation issues	Run processor for all annotation issues	2026-04-14T16:59:09.3546747Z   pythonLocation: /opt/hostedtoolcache/Python/3.11.15/x64
Process all open annotation issues	Run processor for all annotation issues	2026-04-14T16:59:09.3547166Z   PKG_CONFIG_PATH: /opt/hostedtoolcache/Python/3.11.15/x64/lib/pkgconfig
Process all open annotation issues	Run processor for all annotation issues	2026-04-14T16:59:09.3547562Z   Python_ROOT_DIR: /opt/hostedtoolcache/Python/3.11.15/x64
Process all open annotation issues	Run processor for all annotation issues	2026-04-14T16:59:09.3547923Z   Python2_ROOT_DIR: /opt/hostedtoolcache/Python/3.11.15/x64
Process all open annotation issues	Run processor for all annotation issues	2026-04-14T16:59:09.3548288Z   Python3_ROOT_DIR: /opt/hostedtoolcache/Python/3.11.15/x64
Process all open annotation issues	Run processor for all annotation issues	2026-04-14T16:59:09.3548639Z   LD_LIBRARY_PATH: /opt/hostedtoolcache/Python/3.11.15/x64/lib
Process all open annotation issues	Run processor for all annotation issues	2026-04-14T16:59:09.3549630Z   GITHUB_TOKEN: ***
Process all open annotation issues	Run processor for all annotation issues	2026-04-14T16:59:09.3549869Z   GITHUB_REPOSITORY: space-gen/aurora
Process all open annotation issues	Run processor for all annotation issues	2026-04-14T16:59:09.3550171Z ##[endgroup]
Process all open annotation issues	Run processor for all annotation issues	2026-04-14T16:59:14.0703873Z Found 1 open annotation issues
Process all open annotation issues	Run processor for all annotation issues	2026-04-14T16:59:14.0704590Z Processing issue #60 by soumyadipkarforma
Process all open annotation issues	Run processor for all annotation issues	2026-04-14T16:59:14.0706467Z Parser rc=0
Process all open annotation issues	Run processor for all annotation issues	2026-04-14T16:59:14.0706750Z stdout:
Process all open annotation issues	Run processor for all annotation issues	2026-04-14T16:59:14.0706897Z 
Process all open annotation issues	Run processor for all annotation issues	2026-04-14T16:59:14.0706992Z stderr:
Process all open annotation issues	Run processor for all annotation issues	2026-04-14T16:59:14.0707627Z 2026-04-14 16:59:10,815 [INFO] Parsed fields: ['image_url', 'task_type', 'record_id', 'your_label', 'confidence_score', 'notes']
Process all open annotation issues	Run processor for all annotation issues	2026-04-14T16:59:14.0708533Z 2026-04-14 16:59:10,816 [INFO] Parsing regions from: class_b,620,309,15
Process all open annotation issues	Run processor for all annotation issues	2026-04-14T16:59:14.0709177Z 2026-04-14 16:59:10,816 [INFO] Stored class_b circle as region (620.0,309.0,15.0)
Process all open annotation issues	Run processor for all annotation issues	2026-04-14T16:59:14.0710235Z 2026-04-14 16:59:10,817 [INFO] Updated sp-2664 with annotation from soumyadipkarforma (Confidence: 0.0)
Process all open annotation issues	Run processor for all annotation issues	2026-04-14T16:59:14.0710919Z 
Process all open annotation issues	Run processor for all annotation issues	2026-04-14T16:59:14.0711603Z orphan branch push rc=0
Process all open annotation issues	Run processor for all annotation issues	2026-04-14T16:59:14.0712276Z M	annotations/sunspot.jsonl
Process all open annotation issues	Run processor for all annotation issues	2026-04-14T16:59:14.0713018Z [data (root-commit) 0df5dd7] chore(annotation): record annotations from issues #60 [skip ci]
Process all open annotation issues	Run processor for all annotation issues	2026-04-14T16:59:14.0713666Z  3 files changed, 237 insertions(+)
Process all open annotation issues	Run processor for all annotation issues	2026-04-14T16:59:14.0714047Z  create mode 100644 annotations/README.md
Process all open annotation issues	Run processor for all annotation issues	2026-04-14T16:59:14.0714476Z  create mode 100644 annotations/magnetogram.jsonl
Process all open annotation issues	Run processor for all annotation issues	2026-04-14T16:59:14.0714910Z  create mode 100644 annotations/sunspot.jsonl
Process all open annotation issues	Run processor for all annotation issues	2026-04-14T16:59:14.0715498Z Your branch is up to date with 'origin/main'.
Process all open annotation issues	Run processor for all annotation issues	2026-04-14T16:59:14.0716306Z HEAD is now at 84169fc fix(parser): avoid f-string backslash in commit message by shell-quoting message; safe orphan push
Process all open annotation issues	Run processor for all annotation issues	2026-04-14T16:59:14.0716972Z 
Process all open annotation issues	Run processor for all annotation issues	2026-04-14T16:59:14.0717098Z Switched to a new branch 'data'
Process all open annotation issues	Run processor for all annotation issues	2026-04-14T16:59:14.0717503Z To https://github.com/space-gen/aurora
Process all open annotation issues	Run processor for all annotation issues	2026-04-14T16:59:14.0717951Z  + 6e2f419...0df5dd7 data -> data (forced update)
Process all open annotation issues	Run processor for all annotation issues	2026-04-14T16:59:14.0718389Z Switched to branch 'main'
Process all open annotation issues	Run processor for all annotation issues	2026-04-14T16:59:14.0718610Z 
Process all open annotation issues	Run processor for all annotation issues	2026-04-14T16:59:14.0718717Z Closed issue #60
Process all open annotation issues	Post Set up Python	﻿2026-04-14T16:59:14.0966692Z Post job cleanup.
Process all open annotation issues	Post Set up Python	2026-04-14T16:59:14.2114865Z (node:2506) [DEP0040] DeprecationWarning: The `punycode` module is deprecated. Please use a userland alternative instead.
Process all open annotation issues	Post Set up Python	2026-04-14T16:59:14.2115835Z (Use `node --trace-deprecation ...` to show where the warning was created)
Process all open annotation issues	Post Checkout repository	﻿2026-04-14T16:59:14.2266533Z Post job cleanup.
Process all open annotation issues	Post Checkout repository	2026-04-14T16:59:14.3090501Z [command]/usr/bin/git version
Process all open annotation issues	Post Checkout repository	2026-04-14T16:59:14.3126003Z git version 2.53.0
Process all open annotation issues	Post Checkout repository	2026-04-14T16:59:14.3161772Z Temporarily overriding HOME='/home/runner/work/_temp/404bde8f-99ec-4f15-818e-37649fde19f5' before making global git config changes
Process all open annotation issues	Post Checkout repository	2026-04-14T16:59:14.3163434Z Adding repository directory to the temporary git global config as a safe directory
Process all open annotation issues	Post Checkout repository	2026-04-14T16:59:14.3167902Z [command]/usr/bin/git config --global --add safe.directory /home/runner/work/aurora/aurora
Process all open annotation issues	Post Checkout repository	2026-04-14T16:59:14.3203525Z [command]/usr/bin/git config --local --name-only --get-regexp core\.sshCommand
Process all open annotation issues	Post Checkout repository	2026-04-14T16:59:14.3237866Z [command]/usr/bin/git submodule foreach --recursive sh -c "git config --local --name-only --get-regexp 'core\.sshCommand' && git config --local --unset-all 'core.sshCommand' || :"
Process all open annotation issues	Post Checkout repository	2026-04-14T16:59:14.3472105Z [command]/usr/bin/git config --local --name-only --get-regexp http\.https\:\/\/github\.com\/\.extraheader
Process all open annotation issues	Post Checkout repository	2026-04-14T16:59:14.3493496Z http.https://github.com/.extraheader
Process all open annotation issues	Post Checkout repository	2026-04-14T16:59:14.3504641Z [command]/usr/bin/git config --local --unset-all http.https://github.com/.extraheader
Process all open annotation issues	Post Checkout repository	2026-04-14T16:59:14.3537504Z [command]/usr/bin/git submodule foreach --recursive sh -c "git config --local --name-only --get-regexp 'http\.https\:\/\/github\.com\/\.extraheader' && git config --local --unset-all 'http.https://github.com/.extraheader' || :"
Process all open annotation issues	Post Checkout repository	2026-04-14T16:59:14.3768141Z [command]/usr/bin/git config --local --name-only --get-regexp ^includeIf\.gitdir:
Process all open annotation issues	Post Checkout repository	2026-04-14T16:59:14.3800475Z [command]/usr/bin/git submodule foreach --recursive git config --local --show-origin --name-only --get-regexp remote.origin.url
Process all open annotation issues	Complete job	﻿2026-04-14T16:59:14.4177954Z Cleaning up orphan processes
Process all open annotation issues	Complete job	2026-04-14T16:59:14.4448505Z ##[warning]Node.js 20 is deprecated. The following actions target Node.js 20 but are being forced to run on Node.js 24: actions/checkout@v4, actions/setup-python@v5. For more information see: https://github.blog/changelog/2025-09-19-deprecation-of-node-20-on-github-actions-runners/
