Process all open annotation issues	Set up job	﻿2026-04-14T16:33:03.4417045Z Current runner version: '2.333.1'
Process all open annotation issues	Set up job	2026-04-14T16:33:03.4442172Z ##[group]Runner Image Provisioner
Process all open annotation issues	Set up job	2026-04-14T16:33:03.4443233Z Hosted Compute Agent
Process all open annotation issues	Set up job	2026-04-14T16:33:03.4443907Z Version: 20260213.493
Process all open annotation issues	Set up job	2026-04-14T16:33:03.4444509Z Commit: 5c115507f6dd24b8de37d8bbe0bb4509d0cc0fa3
Process all open annotation issues	Set up job	2026-04-14T16:33:03.4445161Z Build Date: 2026-02-13T00:28:41Z
Process all open annotation issues	Set up job	2026-04-14T16:33:03.4445884Z Worker ID: {49a1d223-3064-4907-a318-5773136838b7}
Process all open annotation issues	Set up job	2026-04-14T16:33:03.4446552Z Azure Region: westcentralus
Process all open annotation issues	Set up job	2026-04-14T16:33:03.4447086Z ##[endgroup]
Process all open annotation issues	Set up job	2026-04-14T16:33:03.4448584Z ##[group]Operating System
Process all open annotation issues	Set up job	2026-04-14T16:33:03.4449180Z Ubuntu
Process all open annotation issues	Set up job	2026-04-14T16:33:03.4449649Z 24.04.4
Process all open annotation issues	Set up job	2026-04-14T16:33:03.4450102Z LTS
Process all open annotation issues	Set up job	2026-04-14T16:33:03.4450568Z ##[endgroup]
Process all open annotation issues	Set up job	2026-04-14T16:33:03.4451022Z ##[group]Runner Image
Process all open annotation issues	Set up job	2026-04-14T16:33:03.4451624Z Image: ubuntu-24.04
Process all open annotation issues	Set up job	2026-04-14T16:33:03.4452144Z Version: 20260406.80.1
Process all open annotation issues	Set up job	2026-04-14T16:33:03.4453304Z Included Software: https://github.com/actions/runner-images/blob/ubuntu24/20260406.80/images/ubuntu/Ubuntu2404-Readme.md
Process all open annotation issues	Set up job	2026-04-14T16:33:03.4454969Z Image Release: https://github.com/actions/runner-images/releases/tag/ubuntu24%2F20260406.80
Process all open annotation issues	Set up job	2026-04-14T16:33:03.4455880Z ##[endgroup]
Process all open annotation issues	Set up job	2026-04-14T16:33:03.4456951Z ##[group]GITHUB_TOKEN Permissions
Process all open annotation issues	Set up job	2026-04-14T16:33:03.4458710Z Contents: write
Process all open annotation issues	Set up job	2026-04-14T16:33:03.4459225Z Issues: write
Process all open annotation issues	Set up job	2026-04-14T16:33:03.4459824Z Metadata: read
Process all open annotation issues	Set up job	2026-04-14T16:33:03.4460274Z ##[endgroup]
Process all open annotation issues	Set up job	2026-04-14T16:33:03.4462482Z Secret source: Actions
Process all open annotation issues	Set up job	2026-04-14T16:33:03.4463740Z Prepare workflow directory
Process all open annotation issues	Set up job	2026-04-14T16:33:03.4866640Z Prepare all required actions
Process all open annotation issues	Set up job	2026-04-14T16:33:03.4905273Z Getting action download info
Process all open annotation issues	Set up job	2026-04-14T16:33:03.9142643Z Download action repository 'actions/checkout@v4' (SHA:34e114876b0b11c390a56381ad16ebd13914f8d5)
Process all open annotation issues	Set up job	2026-04-14T16:33:04.0224293Z Download action repository 'actions/setup-python@v5' (SHA:a26af69be951a213d495a4c3e4e4022e16d87065)
Process all open annotation issues	Set up job	2026-04-14T16:33:04.2003220Z Complete job name: Process all open annotation issues
Process all open annotation issues	Checkout repository	﻿2026-04-14T16:33:04.2703967Z ##[group]Run actions/checkout@v4
Process all open annotation issues	Checkout repository	2026-04-14T16:33:04.2704964Z with:
Process all open annotation issues	Checkout repository	2026-04-14T16:33:04.2705568Z   token: ***
Process all open annotation issues	Checkout repository	2026-04-14T16:33:04.2705966Z   repository: space-gen/aurora
Process all open annotation issues	Checkout repository	2026-04-14T16:33:04.2706424Z   ssh-strict: true
Process all open annotation issues	Checkout repository	2026-04-14T16:33:04.2706799Z   ssh-user: git
Process all open annotation issues	Checkout repository	2026-04-14T16:33:04.2707203Z   persist-credentials: true
Process all open annotation issues	Checkout repository	2026-04-14T16:33:04.2707630Z   clean: true
Process all open annotation issues	Checkout repository	2026-04-14T16:33:04.2708028Z   sparse-checkout-cone-mode: true
Process all open annotation issues	Checkout repository	2026-04-14T16:33:04.2708489Z   fetch-depth: 1
Process all open annotation issues	Checkout repository	2026-04-14T16:33:04.2708864Z   fetch-tags: false
Process all open annotation issues	Checkout repository	2026-04-14T16:33:04.2709256Z   show-progress: true
Process all open annotation issues	Checkout repository	2026-04-14T16:33:04.2709650Z   lfs: false
Process all open annotation issues	Checkout repository	2026-04-14T16:33:04.2710009Z   submodules: false
Process all open annotation issues	Checkout repository	2026-04-14T16:33:04.2710397Z   set-safe-directory: true
Process all open annotation issues	Checkout repository	2026-04-14T16:33:04.2711032Z env:
Process all open annotation issues	Checkout repository	2026-04-14T16:33:04.2711429Z   FORCE_JAVASCRIPT_ACTIONS_TO_NODE24: true
Process all open annotation issues	Checkout repository	2026-04-14T16:33:04.2711941Z ##[endgroup]
Process all open annotation issues	Checkout repository	2026-04-14T16:33:04.3668648Z Syncing repository: space-gen/aurora
Process all open annotation issues	Checkout repository	2026-04-14T16:33:04.3671129Z ##[group]Getting Git version info
Process all open annotation issues	Checkout repository	2026-04-14T16:33:04.3672369Z Working directory is '/home/runner/work/aurora/aurora'
Process all open annotation issues	Checkout repository	2026-04-14T16:33:04.3674228Z [command]/usr/bin/git version
Process all open annotation issues	Checkout repository	2026-04-14T16:33:04.3697110Z git version 2.53.0
Process all open annotation issues	Checkout repository	2026-04-14T16:33:04.3751058Z ##[endgroup]
Process all open annotation issues	Checkout repository	2026-04-14T16:33:04.3768318Z Temporarily overriding HOME='/home/runner/work/_temp/d6331b01-7c8c-417b-a14f-c87f7c89cce7' before making global git config changes
Process all open annotation issues	Checkout repository	2026-04-14T16:33:04.3769682Z Adding repository directory to the temporary git global config as a safe directory
Process all open annotation issues	Checkout repository	2026-04-14T16:33:04.3773861Z [command]/usr/bin/git config --global --add safe.directory /home/runner/work/aurora/aurora
Process all open annotation issues	Checkout repository	2026-04-14T16:33:04.3808305Z Deleting the contents of '/home/runner/work/aurora/aurora'
Process all open annotation issues	Checkout repository	2026-04-14T16:33:04.3812365Z ##[group]Initializing the repository
Process all open annotation issues	Checkout repository	2026-04-14T16:33:04.3817488Z [command]/usr/bin/git init /home/runner/work/aurora/aurora
Process all open annotation issues	Checkout repository	2026-04-14T16:33:04.3910155Z hint: Using 'master' as the name for the initial branch. This default branch name
Process all open annotation issues	Checkout repository	2026-04-14T16:33:04.3911884Z hint: will change to "main" in Git 3.0. To configure the initial branch name
Process all open annotation issues	Checkout repository	2026-04-14T16:33:04.3914056Z hint: to use in all of your new repositories, which will suppress this warning,
Process all open annotation issues	Checkout repository	2026-04-14T16:33:04.3915143Z hint: call:
Process all open annotation issues	Checkout repository	2026-04-14T16:33:04.3915578Z hint:
Process all open annotation issues	Checkout repository	2026-04-14T16:33:04.3916119Z hint: 	git config --global init.defaultBranch <name>
Process all open annotation issues	Checkout repository	2026-04-14T16:33:04.3916939Z hint:
Process all open annotation issues	Checkout repository	2026-04-14T16:33:04.3917823Z hint: Names commonly chosen instead of 'master' are 'main', 'trunk' and
Process all open annotation issues	Checkout repository	2026-04-14T16:33:04.3918769Z hint: 'development'. The just-created branch can be renamed via this command:
Process all open annotation issues	Checkout repository	2026-04-14T16:33:04.3919461Z hint:
Process all open annotation issues	Checkout repository	2026-04-14T16:33:04.3919841Z hint: 	git branch -m <name>
Process all open annotation issues	Checkout repository	2026-04-14T16:33:04.3920452Z hint:
Process all open annotation issues	Checkout repository	2026-04-14T16:33:04.3921052Z hint: Disable this message with "git config set advice.defaultBranchName false"
Process all open annotation issues	Checkout repository	2026-04-14T16:33:04.3922276Z Initialized empty Git repository in /home/runner/work/aurora/aurora/.git/
Process all open annotation issues	Checkout repository	2026-04-14T16:33:04.3924309Z [command]/usr/bin/git remote add origin https://github.com/space-gen/aurora
Process all open annotation issues	Checkout repository	2026-04-14T16:33:04.3951427Z ##[endgroup]
Process all open annotation issues	Checkout repository	2026-04-14T16:33:04.3952177Z ##[group]Disabling automatic garbage collection
Process all open annotation issues	Checkout repository	2026-04-14T16:33:04.3955291Z [command]/usr/bin/git config --local gc.auto 0
Process all open annotation issues	Checkout repository	2026-04-14T16:33:04.3982681Z ##[endgroup]
Process all open annotation issues	Checkout repository	2026-04-14T16:33:04.3983689Z ##[group]Setting up auth
Process all open annotation issues	Checkout repository	2026-04-14T16:33:04.3989099Z [command]/usr/bin/git config --local --name-only --get-regexp core\.sshCommand
Process all open annotation issues	Checkout repository	2026-04-14T16:33:04.4018672Z [command]/usr/bin/git submodule foreach --recursive sh -c "git config --local --name-only --get-regexp 'core\.sshCommand' && git config --local --unset-all 'core.sshCommand' || :"
Process all open annotation issues	Checkout repository	2026-04-14T16:33:04.4313622Z [command]/usr/bin/git config --local --name-only --get-regexp http\.https\:\/\/github\.com\/\.extraheader
Process all open annotation issues	Checkout repository	2026-04-14T16:33:04.4344462Z [command]/usr/bin/git submodule foreach --recursive sh -c "git config --local --name-only --get-regexp 'http\.https\:\/\/github\.com\/\.extraheader' && git config --local --unset-all 'http.https://github.com/.extraheader' || :"
Process all open annotation issues	Checkout repository	2026-04-14T16:33:04.4560065Z [command]/usr/bin/git config --local --name-only --get-regexp ^includeIf\.gitdir:
Process all open annotation issues	Checkout repository	2026-04-14T16:33:04.4592527Z [command]/usr/bin/git submodule foreach --recursive git config --local --show-origin --name-only --get-regexp remote.origin.url
Process all open annotation issues	Checkout repository	2026-04-14T16:33:04.4817047Z [command]/usr/bin/git config --local http.https://github.com/.extraheader AUTHORIZATION: basic ***
Process all open annotation issues	Checkout repository	2026-04-14T16:33:04.4854953Z ##[endgroup]
Process all open annotation issues	Checkout repository	2026-04-14T16:33:04.4856217Z ##[group]Fetching the repository
Process all open annotation issues	Checkout repository	2026-04-14T16:33:04.4865299Z [command]/usr/bin/git -c protocol.version=2 fetch --no-tags --prune --no-recurse-submodules --depth=1 origin +ce0ffd22171b29e02189d554b50f78013be571d5:refs/remotes/origin/main
Process all open annotation issues	Checkout repository	2026-04-14T16:33:05.0548589Z From https://github.com/space-gen/aurora
Process all open annotation issues	Checkout repository	2026-04-14T16:33:05.0550333Z  * [new ref]         ce0ffd22171b29e02189d554b50f78013be571d5 -> origin/main
Process all open annotation issues	Checkout repository	2026-04-14T16:33:05.0578331Z ##[endgroup]
Process all open annotation issues	Checkout repository	2026-04-14T16:33:05.0579687Z ##[group]Determining the checkout info
Process all open annotation issues	Checkout repository	2026-04-14T16:33:05.0581375Z ##[endgroup]
Process all open annotation issues	Checkout repository	2026-04-14T16:33:05.0586876Z [command]/usr/bin/git sparse-checkout disable
Process all open annotation issues	Checkout repository	2026-04-14T16:33:05.0627452Z [command]/usr/bin/git config --local --unset-all extensions.worktreeConfig
Process all open annotation issues	Checkout repository	2026-04-14T16:33:05.0655950Z ##[group]Checking out the ref
Process all open annotation issues	Checkout repository	2026-04-14T16:33:05.0660609Z [command]/usr/bin/git checkout --progress --force -B main refs/remotes/origin/main
Process all open annotation issues	Checkout repository	2026-04-14T16:33:05.0771945Z Switched to a new branch 'main'
Process all open annotation issues	Checkout repository	2026-04-14T16:33:05.0775856Z branch 'main' set up to track 'origin/main'.
Process all open annotation issues	Checkout repository	2026-04-14T16:33:05.0781683Z ##[endgroup]
Process all open annotation issues	Checkout repository	2026-04-14T16:33:05.0821919Z [command]/usr/bin/git log -1 --format=%H
Process all open annotation issues	Checkout repository	2026-04-14T16:33:05.0845282Z ce0ffd22171b29e02189d554b50f78013be571d5
Process all open annotation issues	Set up Python	﻿2026-04-14T16:33:05.1154190Z ##[group]Run actions/setup-python@v5
Process all open annotation issues	Set up Python	2026-04-14T16:33:05.1155305Z with:
Process all open annotation issues	Set up Python	2026-04-14T16:33:05.1156001Z   python-version: 3.11
Process all open annotation issues	Set up Python	2026-04-14T16:33:05.1156834Z   check-latest: false
Process all open annotation issues	Set up Python	2026-04-14T16:33:05.1157902Z   token: ***
Process all open annotation issues	Set up Python	2026-04-14T16:33:05.1158652Z   update-environment: true
Process all open annotation issues	Set up Python	2026-04-14T16:33:05.1159567Z   allow-prereleases: false
Process all open annotation issues	Set up Python	2026-04-14T16:33:05.1160447Z   freethreaded: false
Process all open annotation issues	Set up Python	2026-04-14T16:33:05.1161220Z env:
Process all open annotation issues	Set up Python	2026-04-14T16:33:05.1162154Z   FORCE_JAVASCRIPT_ACTIONS_TO_NODE24: true
Process all open annotation issues	Set up Python	2026-04-14T16:33:05.1163418Z ##[endgroup]
Process all open annotation issues	Set up Python	2026-04-14T16:33:05.2443848Z ##[group]Installed versions
Process all open annotation issues	Set up Python	2026-04-14T16:33:05.2536330Z (node:2270) [DEP0040] DeprecationWarning: The `punycode` module is deprecated. Please use a userland alternative instead.
Process all open annotation issues	Set up Python	2026-04-14T16:33:05.2539788Z (Use `node --trace-deprecation ...` to show where the warning was created)
Process all open annotation issues	Set up Python	2026-04-14T16:33:05.2542182Z Successfully set up CPython (3.11.15)
Process all open annotation issues	Set up Python	2026-04-14T16:33:05.2544837Z ##[endgroup]
Process all open annotation issues	Ensure git identity	﻿2026-04-14T16:33:05.2707453Z ##[group]Run git config user.name "github-actions[bot]"
Process all open annotation issues	Ensure git identity	2026-04-14T16:33:05.2708931Z [36;1mgit config user.name "github-actions[bot]"[0m
Process all open annotation issues	Ensure git identity	2026-04-14T16:33:05.2710529Z [36;1mgit config user.email "github-actions[bot]@users.noreply.github.com"[0m
Process all open annotation issues	Ensure git identity	2026-04-14T16:33:05.2747635Z shell: /usr/bin/bash -e {0}
Process all open annotation issues	Ensure git identity	2026-04-14T16:33:05.2748693Z env:
Process all open annotation issues	Ensure git identity	2026-04-14T16:33:05.2749429Z   FORCE_JAVASCRIPT_ACTIONS_TO_NODE24: true
Process all open annotation issues	Ensure git identity	2026-04-14T16:33:05.2750707Z   pythonLocation: /opt/hostedtoolcache/Python/3.11.15/x64
Process all open annotation issues	Ensure git identity	2026-04-14T16:33:05.2752338Z   PKG_CONFIG_PATH: /opt/hostedtoolcache/Python/3.11.15/x64/lib/pkgconfig
Process all open annotation issues	Ensure git identity	2026-04-14T16:33:05.2754149Z   Python_ROOT_DIR: /opt/hostedtoolcache/Python/3.11.15/x64
Process all open annotation issues	Ensure git identity	2026-04-14T16:33:05.2755578Z   Python2_ROOT_DIR: /opt/hostedtoolcache/Python/3.11.15/x64
Process all open annotation issues	Ensure git identity	2026-04-14T16:33:05.2757001Z   Python3_ROOT_DIR: /opt/hostedtoolcache/Python/3.11.15/x64
Process all open annotation issues	Ensure git identity	2026-04-14T16:33:05.2758438Z   LD_LIBRARY_PATH: /opt/hostedtoolcache/Python/3.11.15/x64/lib
Process all open annotation issues	Ensure git identity	2026-04-14T16:33:05.2759626Z ##[endgroup]
Process all open annotation issues	Install dependencies	﻿2026-04-14T16:33:05.2934149Z ##[group]Run pip install --upgrade pip
Process all open annotation issues	Install dependencies	2026-04-14T16:33:05.2935309Z [36;1mpip install --upgrade pip[0m
Process all open annotation issues	Install dependencies	2026-04-14T16:33:05.2936272Z [36;1mpip install requests[0m
Process all open annotation issues	Install dependencies	2026-04-14T16:33:05.2958034Z shell: /usr/bin/bash -e {0}
Process all open annotation issues	Install dependencies	2026-04-14T16:33:05.2958865Z env:
Process all open annotation issues	Install dependencies	2026-04-14T16:33:05.2959556Z   FORCE_JAVASCRIPT_ACTIONS_TO_NODE24: true
Process all open annotation issues	Install dependencies	2026-04-14T16:33:05.2960786Z   pythonLocation: /opt/hostedtoolcache/Python/3.11.15/x64
Process all open annotation issues	Install dependencies	2026-04-14T16:33:05.2962347Z   PKG_CONFIG_PATH: /opt/hostedtoolcache/Python/3.11.15/x64/lib/pkgconfig
Process all open annotation issues	Install dependencies	2026-04-14T16:33:05.2964251Z   Python_ROOT_DIR: /opt/hostedtoolcache/Python/3.11.15/x64
Process all open annotation issues	Install dependencies	2026-04-14T16:33:05.2965668Z   Python2_ROOT_DIR: /opt/hostedtoolcache/Python/3.11.15/x64
Process all open annotation issues	Install dependencies	2026-04-14T16:33:05.2967080Z   Python3_ROOT_DIR: /opt/hostedtoolcache/Python/3.11.15/x64
Process all open annotation issues	Install dependencies	2026-04-14T16:33:05.2968520Z   LD_LIBRARY_PATH: /opt/hostedtoolcache/Python/3.11.15/x64/lib
Process all open annotation issues	Install dependencies	2026-04-14T16:33:05.2969702Z ##[endgroup]
Process all open annotation issues	Install dependencies	2026-04-14T16:33:05.9306770Z Requirement already satisfied: pip in /opt/hostedtoolcache/Python/3.11.15/x64/lib/python3.11/site-packages (26.0.1)
Process all open annotation issues	Install dependencies	2026-04-14T16:33:06.9866860Z Collecting requests
Process all open annotation issues	Install dependencies	2026-04-14T16:33:07.0895755Z   Downloading requests-2.33.1-py3-none-any.whl.metadata (4.8 kB)
Process all open annotation issues	Install dependencies	2026-04-14T16:33:07.2407073Z Collecting charset_normalizer<4,>=2 (from requests)
Process all open annotation issues	Install dependencies	2026-04-14T16:33:07.2601325Z   Downloading charset_normalizer-3.4.7-cp311-cp311-manylinux2014_x86_64.manylinux_2_17_x86_64.manylinux_2_28_x86_64.whl.metadata (40 kB)
Process all open annotation issues	Install dependencies	2026-04-14T16:33:07.3123968Z Collecting idna<4,>=2.5 (from requests)
Process all open annotation issues	Install dependencies	2026-04-14T16:33:07.3316133Z   Downloading idna-3.11-py3-none-any.whl.metadata (8.4 kB)
Process all open annotation issues	Install dependencies	2026-04-14T16:33:07.3716562Z Collecting urllib3<3,>=1.26 (from requests)
Process all open annotation issues	Install dependencies	2026-04-14T16:33:07.3910382Z   Downloading urllib3-2.6.3-py3-none-any.whl.metadata (6.9 kB)
Process all open annotation issues	Install dependencies	2026-04-14T16:33:07.4243252Z Collecting certifi>=2023.5.7 (from requests)
Process all open annotation issues	Install dependencies	2026-04-14T16:33:07.4435098Z   Downloading certifi-2026.2.25-py3-none-any.whl.metadata (2.5 kB)
Process all open annotation issues	Install dependencies	2026-04-14T16:33:07.4682691Z Downloading requests-2.33.1-py3-none-any.whl (64 kB)
Process all open annotation issues	Install dependencies	2026-04-14T16:33:07.5018369Z Downloading charset_normalizer-3.4.7-cp311-cp311-manylinux2014_x86_64.manylinux_2_17_x86_64.manylinux_2_28_x86_64.whl (214 kB)
Process all open annotation issues	Install dependencies	2026-04-14T16:33:07.5658573Z Downloading idna-3.11-py3-none-any.whl (71 kB)
Process all open annotation issues	Install dependencies	2026-04-14T16:33:07.5967266Z Downloading urllib3-2.6.3-py3-none-any.whl (131 kB)
Process all open annotation issues	Install dependencies	2026-04-14T16:33:07.6408930Z Downloading certifi-2026.2.25-py3-none-any.whl (153 kB)
Process all open annotation issues	Install dependencies	2026-04-14T16:33:07.6899090Z Installing collected packages: urllib3, idna, charset_normalizer, certifi, requests
Process all open annotation issues	Install dependencies	2026-04-14T16:33:07.9362142Z 
Process all open annotation issues	Install dependencies	2026-04-14T16:33:07.9373239Z Successfully installed certifi-2026.2.25 charset_normalizer-3.4.7 idna-3.11 requests-2.33.1 urllib3-2.6.3
Process all open annotation issues	Run processor for all annotation issues	﻿2026-04-14T16:33:08.0020647Z ##[group]Run python scripts/process_all_annotation_issues.py
Process all open annotation issues	Run processor for all annotation issues	2026-04-14T16:33:08.0021119Z [36;1mpython scripts/process_all_annotation_issues.py[0m
Process all open annotation issues	Run processor for all annotation issues	2026-04-14T16:33:08.0044567Z shell: /usr/bin/bash -e {0}
Process all open annotation issues	Run processor for all annotation issues	2026-04-14T16:33:08.0044799Z env:
Process all open annotation issues	Run processor for all annotation issues	2026-04-14T16:33:08.0044998Z   FORCE_JAVASCRIPT_ACTIONS_TO_NODE24: true
Process all open annotation issues	Run processor for all annotation issues	2026-04-14T16:33:08.0045348Z   pythonLocation: /opt/hostedtoolcache/Python/3.11.15/x64
Process all open annotation issues	Run processor for all annotation issues	2026-04-14T16:33:08.0045752Z   PKG_CONFIG_PATH: /opt/hostedtoolcache/Python/3.11.15/x64/lib/pkgconfig
Process all open annotation issues	Run processor for all annotation issues	2026-04-14T16:33:08.0046158Z   Python_ROOT_DIR: /opt/hostedtoolcache/Python/3.11.15/x64
Process all open annotation issues	Run processor for all annotation issues	2026-04-14T16:33:08.0046512Z   Python2_ROOT_DIR: /opt/hostedtoolcache/Python/3.11.15/x64
Process all open annotation issues	Run processor for all annotation issues	2026-04-14T16:33:08.0046889Z   Python3_ROOT_DIR: /opt/hostedtoolcache/Python/3.11.15/x64
Process all open annotation issues	Run processor for all annotation issues	2026-04-14T16:33:08.0047246Z   LD_LIBRARY_PATH: /opt/hostedtoolcache/Python/3.11.15/x64/lib
Process all open annotation issues	Run processor for all annotation issues	2026-04-14T16:33:08.0047838Z   GITHUB_TOKEN: ***
Process all open annotation issues	Run processor for all annotation issues	2026-04-14T16:33:08.0048061Z   GITHUB_REPOSITORY: space-gen/aurora
Process all open annotation issues	Run processor for all annotation issues	2026-04-14T16:33:08.0048324Z ##[endgroup]
Process all open annotation issues	Run processor for all annotation issues	2026-04-14T16:33:08.0192554Z   File "/home/runner/work/aurora/aurora/scripts/process_all_annotation_issues.py", line 160
Process all open annotation issues	Run processor for all annotation issues	2026-04-14T16:33:08.0193658Z     """
Process all open annotation issues	Run processor for all annotation issues	2026-04-14T16:33:08.0193869Z        ^
Process all open annotation issues	Run processor for all annotation issues	2026-04-14T16:33:08.0194225Z SyntaxError: f-string expression part cannot include a backslash
Process all open annotation issues	Run processor for all annotation issues	2026-04-14T16:33:08.0226171Z ##[error]Process completed with exit code 1.
Process all open annotation issues	Post Checkout repository	﻿2026-04-14T16:33:08.0343638Z Post job cleanup.
Process all open annotation issues	Post Checkout repository	2026-04-14T16:33:08.1169610Z [command]/usr/bin/git version
Process all open annotation issues	Post Checkout repository	2026-04-14T16:33:08.1207233Z git version 2.53.0
Process all open annotation issues	Post Checkout repository	2026-04-14T16:33:08.1245564Z Temporarily overriding HOME='/home/runner/work/_temp/9028837a-c15f-4e72-872b-9cb935cb227b' before making global git config changes
Process all open annotation issues	Post Checkout repository	2026-04-14T16:33:08.1246576Z Adding repository directory to the temporary git global config as a safe directory
Process all open annotation issues	Post Checkout repository	2026-04-14T16:33:08.1250230Z [command]/usr/bin/git config --global --add safe.directory /home/runner/work/aurora/aurora
Process all open annotation issues	Post Checkout repository	2026-04-14T16:33:08.1288485Z [command]/usr/bin/git config --local --name-only --get-regexp core\.sshCommand
Process all open annotation issues	Post Checkout repository	2026-04-14T16:33:08.1321717Z [command]/usr/bin/git submodule foreach --recursive sh -c "git config --local --name-only --get-regexp 'core\.sshCommand' && git config --local --unset-all 'core.sshCommand' || :"
Process all open annotation issues	Post Checkout repository	2026-04-14T16:33:08.1544636Z [command]/usr/bin/git config --local --name-only --get-regexp http\.https\:\/\/github\.com\/\.extraheader
Process all open annotation issues	Post Checkout repository	2026-04-14T16:33:08.1567840Z http.https://github.com/.extraheader
Process all open annotation issues	Post Checkout repository	2026-04-14T16:33:08.1578817Z [command]/usr/bin/git config --local --unset-all http.https://github.com/.extraheader
Process all open annotation issues	Post Checkout repository	2026-04-14T16:33:08.1610663Z [command]/usr/bin/git submodule foreach --recursive sh -c "git config --local --name-only --get-regexp 'http\.https\:\/\/github\.com\/\.extraheader' && git config --local --unset-all 'http.https://github.com/.extraheader' || :"
Process all open annotation issues	Post Checkout repository	2026-04-14T16:33:08.1837377Z [command]/usr/bin/git config --local --name-only --get-regexp ^includeIf\.gitdir:
Process all open annotation issues	Post Checkout repository	2026-04-14T16:33:08.1869575Z [command]/usr/bin/git submodule foreach --recursive git config --local --show-origin --name-only --get-regexp remote.origin.url
Process all open annotation issues	Complete job	﻿2026-04-14T16:33:08.2277744Z Cleaning up orphan processes
Process all open annotation issues	Complete job	2026-04-14T16:33:08.2545669Z ##[warning]Node.js 20 is deprecated. The following actions target Node.js 20 but are being forced to run on Node.js 24: actions/checkout@v4, actions/setup-python@v5. For more information see: https://github.blog/changelog/2025-09-19-deprecation-of-node-20-on-github-actions-runners/
