Process all open annotation issues	Set up job	﻿2026-04-14T16:53:45.4852546Z Current runner version: '2.333.1'
Process all open annotation issues	Set up job	2026-04-14T16:53:45.4877816Z ##[group]Runner Image Provisioner
Process all open annotation issues	Set up job	2026-04-14T16:53:45.4878760Z Hosted Compute Agent
Process all open annotation issues	Set up job	2026-04-14T16:53:45.4879392Z Version: 20260213.493
Process all open annotation issues	Set up job	2026-04-14T16:53:45.4880008Z Commit: 5c115507f6dd24b8de37d8bbe0bb4509d0cc0fa3
Process all open annotation issues	Set up job	2026-04-14T16:53:45.4880682Z Build Date: 2026-02-13T00:28:41Z
Process all open annotation issues	Set up job	2026-04-14T16:53:45.4881391Z Worker ID: {0ca3d1d6-34c6-4066-8a1a-3d95f7bcb7f5}
Process all open annotation issues	Set up job	2026-04-14T16:53:45.4882086Z Azure Region: westus
Process all open annotation issues	Set up job	2026-04-14T16:53:45.4882617Z ##[endgroup]
Process all open annotation issues	Set up job	2026-04-14T16:53:45.4884166Z ##[group]Operating System
Process all open annotation issues	Set up job	2026-04-14T16:53:45.4884759Z Ubuntu
Process all open annotation issues	Set up job	2026-04-14T16:53:45.4885229Z 24.04.4
Process all open annotation issues	Set up job	2026-04-14T16:53:45.4885687Z LTS
Process all open annotation issues	Set up job	2026-04-14T16:53:45.4886163Z ##[endgroup]
Process all open annotation issues	Set up job	2026-04-14T16:53:45.4886660Z ##[group]Runner Image
Process all open annotation issues	Set up job	2026-04-14T16:53:45.4887497Z Image: ubuntu-24.04
Process all open annotation issues	Set up job	2026-04-14T16:53:45.4888049Z Version: 20260406.80.1
Process all open annotation issues	Set up job	2026-04-14T16:53:45.4889062Z Included Software: https://github.com/actions/runner-images/blob/ubuntu24/20260406.80/images/ubuntu/Ubuntu2404-Readme.md
Process all open annotation issues	Set up job	2026-04-14T16:53:45.4890817Z Image Release: https://github.com/actions/runner-images/releases/tag/ubuntu24%2F20260406.80
Process all open annotation issues	Set up job	2026-04-14T16:53:45.4891806Z ##[endgroup]
Process all open annotation issues	Set up job	2026-04-14T16:53:45.4892919Z ##[group]GITHUB_TOKEN Permissions
Process all open annotation issues	Set up job	2026-04-14T16:53:45.4894708Z Contents: write
Process all open annotation issues	Set up job	2026-04-14T16:53:45.4895226Z Issues: write
Process all open annotation issues	Set up job	2026-04-14T16:53:45.4895818Z Metadata: read
Process all open annotation issues	Set up job	2026-04-14T16:53:45.4896309Z ##[endgroup]
Process all open annotation issues	Set up job	2026-04-14T16:53:45.4898629Z Secret source: Actions
Process all open annotation issues	Set up job	2026-04-14T16:53:45.4899428Z Prepare workflow directory
Process all open annotation issues	Set up job	2026-04-14T16:53:45.5302044Z Prepare all required actions
Process all open annotation issues	Set up job	2026-04-14T16:53:45.5340191Z Getting action download info
Process all open annotation issues	Set up job	2026-04-14T16:53:46.0066719Z Download action repository 'actions/checkout@v4' (SHA:34e114876b0b11c390a56381ad16ebd13914f8d5)
Process all open annotation issues	Set up job	2026-04-14T16:53:46.1093643Z Download action repository 'actions/setup-python@v5' (SHA:a26af69be951a213d495a4c3e4e4022e16d87065)
Process all open annotation issues	Set up job	2026-04-14T16:53:46.2834062Z Complete job name: Process all open annotation issues
Process all open annotation issues	Checkout repository	﻿2026-04-14T16:53:46.3531786Z ##[group]Run actions/checkout@v4
Process all open annotation issues	Checkout repository	2026-04-14T16:53:46.3532644Z with:
Process all open annotation issues	Checkout repository	2026-04-14T16:53:46.3533272Z   token: ***
Process all open annotation issues	Checkout repository	2026-04-14T16:53:46.3533681Z   repository: space-gen/aurora
Process all open annotation issues	Checkout repository	2026-04-14T16:53:46.3534148Z   ssh-strict: true
Process all open annotation issues	Checkout repository	2026-04-14T16:53:46.3534526Z   ssh-user: git
Process all open annotation issues	Checkout repository	2026-04-14T16:53:46.3535223Z   persist-credentials: true
Process all open annotation issues	Checkout repository	2026-04-14T16:53:46.3535718Z   clean: true
Process all open annotation issues	Checkout repository	2026-04-14T16:53:46.3536108Z   sparse-checkout-cone-mode: true
Process all open annotation issues	Checkout repository	2026-04-14T16:53:46.3536586Z   fetch-depth: 1
Process all open annotation issues	Checkout repository	2026-04-14T16:53:46.3537158Z   fetch-tags: false
Process all open annotation issues	Checkout repository	2026-04-14T16:53:46.3537564Z   show-progress: true
Process all open annotation issues	Checkout repository	2026-04-14T16:53:46.3537966Z   lfs: false
Process all open annotation issues	Checkout repository	2026-04-14T16:53:46.3538327Z   submodules: false
Process all open annotation issues	Checkout repository	2026-04-14T16:53:46.3538720Z   set-safe-directory: true
Process all open annotation issues	Checkout repository	2026-04-14T16:53:46.3539424Z env:
Process all open annotation issues	Checkout repository	2026-04-14T16:53:46.3539822Z   FORCE_JAVASCRIPT_ACTIONS_TO_NODE24: true
Process all open annotation issues	Checkout repository	2026-04-14T16:53:46.3540332Z ##[endgroup]
Process all open annotation issues	Checkout repository	2026-04-14T16:53:46.4455069Z Syncing repository: space-gen/aurora
Process all open annotation issues	Checkout repository	2026-04-14T16:53:46.4456777Z ##[group]Getting Git version info
Process all open annotation issues	Checkout repository	2026-04-14T16:53:46.4457760Z Working directory is '/home/runner/work/aurora/aurora'
Process all open annotation issues	Checkout repository	2026-04-14T16:53:46.4458724Z [command]/usr/bin/git version
Process all open annotation issues	Checkout repository	2026-04-14T16:53:46.4485326Z git version 2.53.0
Process all open annotation issues	Checkout repository	2026-04-14T16:53:46.4507222Z ##[endgroup]
Process all open annotation issues	Checkout repository	2026-04-14T16:53:46.4521144Z Temporarily overriding HOME='/home/runner/work/_temp/2be0e070-87da-484e-b203-4f638ca799ea' before making global git config changes
Process all open annotation issues	Checkout repository	2026-04-14T16:53:46.4523666Z Adding repository directory to the temporary git global config as a safe directory
Process all open annotation issues	Checkout repository	2026-04-14T16:53:46.4525873Z [command]/usr/bin/git config --global --add safe.directory /home/runner/work/aurora/aurora
Process all open annotation issues	Checkout repository	2026-04-14T16:53:46.4559917Z Deleting the contents of '/home/runner/work/aurora/aurora'
Process all open annotation issues	Checkout repository	2026-04-14T16:53:46.4564903Z ##[group]Initializing the repository
Process all open annotation issues	Checkout repository	2026-04-14T16:53:46.4569846Z [command]/usr/bin/git init /home/runner/work/aurora/aurora
Process all open annotation issues	Checkout repository	2026-04-14T16:53:46.4658873Z hint: Using 'master' as the name for the initial branch. This default branch name
Process all open annotation issues	Checkout repository	2026-04-14T16:53:46.4660501Z hint: will change to "main" in Git 3.0. To configure the initial branch name
Process all open annotation issues	Checkout repository	2026-04-14T16:53:46.4662111Z hint: to use in all of your new repositories, which will suppress this warning,
Process all open annotation issues	Checkout repository	2026-04-14T16:53:46.4662960Z hint: call:
Process all open annotation issues	Checkout repository	2026-04-14T16:53:46.4663339Z hint:
Process all open annotation issues	Checkout repository	2026-04-14T16:53:46.4663806Z hint: 	git config --global init.defaultBranch <name>
Process all open annotation issues	Checkout repository	2026-04-14T16:53:46.4664400Z hint:
Process all open annotation issues	Checkout repository	2026-04-14T16:53:46.4664940Z hint: Names commonly chosen instead of 'master' are 'main', 'trunk' and
Process all open annotation issues	Checkout repository	2026-04-14T16:53:46.4666045Z hint: 'development'. The just-created branch can be renamed via this command:
Process all open annotation issues	Checkout repository	2026-04-14T16:53:46.4666759Z hint:
Process all open annotation issues	Checkout repository	2026-04-14T16:53:46.4667492Z hint: 	git branch -m <name>
Process all open annotation issues	Checkout repository	2026-04-14T16:53:46.4667955Z hint:
Process all open annotation issues	Checkout repository	2026-04-14T16:53:46.4668549Z hint: Disable this message with "git config set advice.defaultBranchName false"
Process all open annotation issues	Checkout repository	2026-04-14T16:53:46.4669584Z Initialized empty Git repository in /home/runner/work/aurora/aurora/.git/
Process all open annotation issues	Checkout repository	2026-04-14T16:53:46.4672128Z [command]/usr/bin/git remote add origin https://github.com/space-gen/aurora
Process all open annotation issues	Checkout repository	2026-04-14T16:53:46.4701046Z ##[endgroup]
Process all open annotation issues	Checkout repository	2026-04-14T16:53:46.4701829Z ##[group]Disabling automatic garbage collection
Process all open annotation issues	Checkout repository	2026-04-14T16:53:46.4704605Z [command]/usr/bin/git config --local gc.auto 0
Process all open annotation issues	Checkout repository	2026-04-14T16:53:46.4731424Z ##[endgroup]
Process all open annotation issues	Checkout repository	2026-04-14T16:53:46.4732145Z ##[group]Setting up auth
Process all open annotation issues	Checkout repository	2026-04-14T16:53:46.4738271Z [command]/usr/bin/git config --local --name-only --get-regexp core\.sshCommand
Process all open annotation issues	Checkout repository	2026-04-14T16:53:46.4767915Z [command]/usr/bin/git submodule foreach --recursive sh -c "git config --local --name-only --get-regexp 'core\.sshCommand' && git config --local --unset-all 'core.sshCommand' || :"
Process all open annotation issues	Checkout repository	2026-04-14T16:53:46.5051330Z [command]/usr/bin/git config --local --name-only --get-regexp http\.https\:\/\/github\.com\/\.extraheader
Process all open annotation issues	Checkout repository	2026-04-14T16:53:46.5082947Z [command]/usr/bin/git submodule foreach --recursive sh -c "git config --local --name-only --get-regexp 'http\.https\:\/\/github\.com\/\.extraheader' && git config --local --unset-all 'http.https://github.com/.extraheader' || :"
Process all open annotation issues	Checkout repository	2026-04-14T16:53:46.5295850Z [command]/usr/bin/git config --local --name-only --get-regexp ^includeIf\.gitdir:
Process all open annotation issues	Checkout repository	2026-04-14T16:53:46.5325803Z [command]/usr/bin/git submodule foreach --recursive git config --local --show-origin --name-only --get-regexp remote.origin.url
Process all open annotation issues	Checkout repository	2026-04-14T16:53:46.5558850Z [command]/usr/bin/git config --local http.https://github.com/.extraheader AUTHORIZATION: basic ***
Process all open annotation issues	Checkout repository	2026-04-14T16:53:46.5597245Z ##[endgroup]
Process all open annotation issues	Checkout repository	2026-04-14T16:53:46.5610550Z ##[group]Fetching the repository
Process all open annotation issues	Checkout repository	2026-04-14T16:53:46.5612069Z [command]/usr/bin/git -c protocol.version=2 fetch --no-tags --prune --no-recurse-submodules --depth=1 origin +81aad740ded9da00a04f60862206c5e28268f167:refs/remotes/origin/main
Process all open annotation issues	Checkout repository	2026-04-14T16:53:47.0404516Z From https://github.com/space-gen/aurora
Process all open annotation issues	Checkout repository	2026-04-14T16:53:47.0406702Z  * [new ref]         81aad740ded9da00a04f60862206c5e28268f167 -> origin/main
Process all open annotation issues	Checkout repository	2026-04-14T16:53:47.0432800Z ##[endgroup]
Process all open annotation issues	Checkout repository	2026-04-14T16:53:47.0433711Z ##[group]Determining the checkout info
Process all open annotation issues	Checkout repository	2026-04-14T16:53:47.0435087Z ##[endgroup]
Process all open annotation issues	Checkout repository	2026-04-14T16:53:47.0440187Z [command]/usr/bin/git sparse-checkout disable
Process all open annotation issues	Checkout repository	2026-04-14T16:53:47.0477495Z [command]/usr/bin/git config --local --unset-all extensions.worktreeConfig
Process all open annotation issues	Checkout repository	2026-04-14T16:53:47.0502221Z ##[group]Checking out the ref
Process all open annotation issues	Checkout repository	2026-04-14T16:53:47.0505752Z [command]/usr/bin/git checkout --progress --force -B main refs/remotes/origin/main
Process all open annotation issues	Checkout repository	2026-04-14T16:53:47.0617484Z Switched to a new branch 'main'
Process all open annotation issues	Checkout repository	2026-04-14T16:53:47.0620374Z branch 'main' set up to track 'origin/main'.
Process all open annotation issues	Checkout repository	2026-04-14T16:53:47.0627613Z ##[endgroup]
Process all open annotation issues	Checkout repository	2026-04-14T16:53:47.0663022Z [command]/usr/bin/git log -1 --format=%H
Process all open annotation issues	Checkout repository	2026-04-14T16:53:47.0685211Z 81aad740ded9da00a04f60862206c5e28268f167
Process all open annotation issues	Set up Python	﻿2026-04-14T16:53:47.0925628Z ##[group]Run actions/setup-python@v5
Process all open annotation issues	Set up Python	2026-04-14T16:53:47.0926176Z with:
Process all open annotation issues	Set up Python	2026-04-14T16:53:47.0926527Z   python-version: 3.11
Process all open annotation issues	Set up Python	2026-04-14T16:53:47.0927170Z   check-latest: false
Process all open annotation issues	Set up Python	2026-04-14T16:53:47.0927745Z   token: ***
Process all open annotation issues	Set up Python	2026-04-14T16:53:47.0928113Z   update-environment: true
Process all open annotation issues	Set up Python	2026-04-14T16:53:47.0928560Z   allow-prereleases: false
Process all open annotation issues	Set up Python	2026-04-14T16:53:47.0928983Z   freethreaded: false
Process all open annotation issues	Set up Python	2026-04-14T16:53:47.0929357Z env:
Process all open annotation issues	Set up Python	2026-04-14T16:53:47.0929928Z   FORCE_JAVASCRIPT_ACTIONS_TO_NODE24: true
Process all open annotation issues	Set up Python	2026-04-14T16:53:47.0930419Z ##[endgroup]
Process all open annotation issues	Set up Python	2026-04-14T16:53:47.2181633Z ##[group]Installed versions
Process all open annotation issues	Set up Python	2026-04-14T16:53:47.2276580Z (node:2295) [DEP0040] DeprecationWarning: The `punycode` module is deprecated. Please use a userland alternative instead.
Process all open annotation issues	Set up Python	2026-04-14T16:53:47.2279264Z (Use `node --trace-deprecation ...` to show where the warning was created)
Process all open annotation issues	Set up Python	2026-04-14T16:53:47.2280777Z Successfully set up CPython (3.11.15)
Process all open annotation issues	Set up Python	2026-04-14T16:53:47.2282650Z ##[endgroup]
Process all open annotation issues	Ensure git identity	﻿2026-04-14T16:53:47.2420083Z ##[group]Run git config user.name "github-actions[bot]"
Process all open annotation issues	Ensure git identity	2026-04-14T16:53:47.2420864Z [36;1mgit config user.name "github-actions[bot]"[0m
Process all open annotation issues	Ensure git identity	2026-04-14T16:53:47.2421639Z [36;1mgit config user.email "github-actions[bot]@users.noreply.github.com"[0m
Process all open annotation issues	Ensure git identity	2026-04-14T16:53:47.2459113Z shell: /usr/bin/bash -e {0}
Process all open annotation issues	Ensure git identity	2026-04-14T16:53:47.2459673Z env:
Process all open annotation issues	Ensure git identity	2026-04-14T16:53:47.2460085Z   FORCE_JAVASCRIPT_ACTIONS_TO_NODE24: true
Process all open annotation issues	Ensure git identity	2026-04-14T16:53:47.2460744Z   pythonLocation: /opt/hostedtoolcache/Python/3.11.15/x64
Process all open annotation issues	Ensure git identity	2026-04-14T16:53:47.2461573Z   PKG_CONFIG_PATH: /opt/hostedtoolcache/Python/3.11.15/x64/lib/pkgconfig
Process all open annotation issues	Ensure git identity	2026-04-14T16:53:47.2462363Z   Python_ROOT_DIR: /opt/hostedtoolcache/Python/3.11.15/x64
Process all open annotation issues	Ensure git identity	2026-04-14T16:53:47.2463083Z   Python2_ROOT_DIR: /opt/hostedtoolcache/Python/3.11.15/x64
Process all open annotation issues	Ensure git identity	2026-04-14T16:53:47.2463810Z   Python3_ROOT_DIR: /opt/hostedtoolcache/Python/3.11.15/x64
Process all open annotation issues	Ensure git identity	2026-04-14T16:53:47.2464547Z   LD_LIBRARY_PATH: /opt/hostedtoolcache/Python/3.11.15/x64/lib
Process all open annotation issues	Ensure git identity	2026-04-14T16:53:47.2465185Z ##[endgroup]
Process all open annotation issues	Install dependencies	﻿2026-04-14T16:53:47.2604406Z ##[group]Run pip install --upgrade pip
Process all open annotation issues	Install dependencies	2026-04-14T16:53:47.2605008Z [36;1mpip install --upgrade pip[0m
Process all open annotation issues	Install dependencies	2026-04-14T16:53:47.2605498Z [36;1mpip install requests[0m
Process all open annotation issues	Install dependencies	2026-04-14T16:53:47.2625774Z shell: /usr/bin/bash -e {0}
Process all open annotation issues	Install dependencies	2026-04-14T16:53:47.2626244Z env:
Process all open annotation issues	Install dependencies	2026-04-14T16:53:47.2626620Z   FORCE_JAVASCRIPT_ACTIONS_TO_NODE24: true
Process all open annotation issues	Install dependencies	2026-04-14T16:53:47.2627523Z   pythonLocation: /opt/hostedtoolcache/Python/3.11.15/x64
Process all open annotation issues	Install dependencies	2026-04-14T16:53:47.2628292Z   PKG_CONFIG_PATH: /opt/hostedtoolcache/Python/3.11.15/x64/lib/pkgconfig
Process all open annotation issues	Install dependencies	2026-04-14T16:53:47.2629072Z   Python_ROOT_DIR: /opt/hostedtoolcache/Python/3.11.15/x64
Process all open annotation issues	Install dependencies	2026-04-14T16:53:47.2629760Z   Python2_ROOT_DIR: /opt/hostedtoolcache/Python/3.11.15/x64
Process all open annotation issues	Install dependencies	2026-04-14T16:53:47.2630452Z   Python3_ROOT_DIR: /opt/hostedtoolcache/Python/3.11.15/x64
Process all open annotation issues	Install dependencies	2026-04-14T16:53:47.2631153Z   LD_LIBRARY_PATH: /opt/hostedtoolcache/Python/3.11.15/x64/lib
Process all open annotation issues	Install dependencies	2026-04-14T16:53:47.2631738Z ##[endgroup]
Process all open annotation issues	Install dependencies	2026-04-14T16:53:47.8774852Z Requirement already satisfied: pip in /opt/hostedtoolcache/Python/3.11.15/x64/lib/python3.11/site-packages (26.0.1)
Process all open annotation issues	Install dependencies	2026-04-14T16:53:48.4767675Z Collecting requests
Process all open annotation issues	Install dependencies	2026-04-14T16:53:48.5406696Z   Downloading requests-2.33.1-py3-none-any.whl.metadata (4.8 kB)
Process all open annotation issues	Install dependencies	2026-04-14T16:53:48.6506624Z Collecting charset_normalizer<4,>=2 (from requests)
Process all open annotation issues	Install dependencies	2026-04-14T16:53:48.6538672Z   Downloading charset_normalizer-3.4.7-cp311-cp311-manylinux2014_x86_64.manylinux_2_17_x86_64.manylinux_2_28_x86_64.whl.metadata (40 kB)
Process all open annotation issues	Install dependencies	2026-04-14T16:53:48.6871803Z Collecting idna<4,>=2.5 (from requests)
Process all open annotation issues	Install dependencies	2026-04-14T16:53:48.6899213Z   Downloading idna-3.11-py3-none-any.whl.metadata (8.4 kB)
Process all open annotation issues	Install dependencies	2026-04-14T16:53:48.7145789Z Collecting urllib3<3,>=1.26 (from requests)
Process all open annotation issues	Install dependencies	2026-04-14T16:53:48.7183880Z   Downloading urllib3-2.6.3-py3-none-any.whl.metadata (6.9 kB)
Process all open annotation issues	Install dependencies	2026-04-14T16:53:48.7367607Z Collecting certifi>=2023.5.7 (from requests)
Process all open annotation issues	Install dependencies	2026-04-14T16:53:48.7395120Z   Downloading certifi-2026.2.25-py3-none-any.whl.metadata (2.5 kB)
Process all open annotation issues	Install dependencies	2026-04-14T16:53:48.7464530Z Downloading requests-2.33.1-py3-none-any.whl (64 kB)
Process all open annotation issues	Install dependencies	2026-04-14T16:53:48.7552586Z Downloading charset_normalizer-3.4.7-cp311-cp311-manylinux2014_x86_64.manylinux_2_17_x86_64.manylinux_2_28_x86_64.whl (214 kB)
Process all open annotation issues	Install dependencies	2026-04-14T16:53:48.7664705Z Downloading idna-3.11-py3-none-any.whl (71 kB)
Process all open annotation issues	Install dependencies	2026-04-14T16:53:48.7713654Z Downloading urllib3-2.6.3-py3-none-any.whl (131 kB)
Process all open annotation issues	Install dependencies	2026-04-14T16:53:48.7773527Z Downloading certifi-2026.2.25-py3-none-any.whl (153 kB)
Process all open annotation issues	Install dependencies	2026-04-14T16:53:48.7992831Z Installing collected packages: urllib3, idna, charset_normalizer, certifi, requests
Process all open annotation issues	Install dependencies	2026-04-14T16:53:49.0304140Z 
Process all open annotation issues	Install dependencies	2026-04-14T16:53:49.0314626Z Successfully installed certifi-2026.2.25 charset_normalizer-3.4.7 idna-3.11 requests-2.33.1 urllib3-2.6.3
Process all open annotation issues	Run processor for all annotation issues	﻿2026-04-14T16:53:49.0941707Z ##[group]Run python scripts/process_all_annotation_issues.py
Process all open annotation issues	Run processor for all annotation issues	2026-04-14T16:53:49.0942293Z [36;1mpython scripts/process_all_annotation_issues.py[0m
Process all open annotation issues	Run processor for all annotation issues	2026-04-14T16:53:49.0965154Z shell: /usr/bin/bash -e {0}
Process all open annotation issues	Run processor for all annotation issues	2026-04-14T16:53:49.0965469Z env:
Process all open annotation issues	Run processor for all annotation issues	2026-04-14T16:53:49.0965747Z   FORCE_JAVASCRIPT_ACTIONS_TO_NODE24: true
Process all open annotation issues	Run processor for all annotation issues	2026-04-14T16:53:49.0966180Z   pythonLocation: /opt/hostedtoolcache/Python/3.11.15/x64
Process all open annotation issues	Run processor for all annotation issues	2026-04-14T16:53:49.0966718Z   PKG_CONFIG_PATH: /opt/hostedtoolcache/Python/3.11.15/x64/lib/pkgconfig
Process all open annotation issues	Run processor for all annotation issues	2026-04-14T16:53:49.0967492Z   Python_ROOT_DIR: /opt/hostedtoolcache/Python/3.11.15/x64
Process all open annotation issues	Run processor for all annotation issues	2026-04-14T16:53:49.0967987Z   Python2_ROOT_DIR: /opt/hostedtoolcache/Python/3.11.15/x64
Process all open annotation issues	Run processor for all annotation issues	2026-04-14T16:53:49.0968468Z   Python3_ROOT_DIR: /opt/hostedtoolcache/Python/3.11.15/x64
Process all open annotation issues	Run processor for all annotation issues	2026-04-14T16:53:49.0968964Z   LD_LIBRARY_PATH: /opt/hostedtoolcache/Python/3.11.15/x64/lib
Process all open annotation issues	Run processor for all annotation issues	2026-04-14T16:53:49.0969774Z   GITHUB_TOKEN: ***
Process all open annotation issues	Run processor for all annotation issues	2026-04-14T16:53:49.0970097Z   GITHUB_REPOSITORY: space-gen/aurora
Process all open annotation issues	Run processor for all annotation issues	2026-04-14T16:53:49.0970434Z ##[endgroup]
Process all open annotation issues	Run processor for all annotation issues	2026-04-14T16:53:49.1115837Z   File "/home/runner/work/aurora/aurora/scripts/process_all_annotation_issues.py", line 160
Process all open annotation issues	Run processor for all annotation issues	2026-04-14T16:53:49.1116810Z     """
Process all open annotation issues	Run processor for all annotation issues	2026-04-14T16:53:49.1117391Z        ^
Process all open annotation issues	Run processor for all annotation issues	2026-04-14T16:53:49.1117914Z SyntaxError: f-string expression part cannot include a backslash
Process all open annotation issues	Run processor for all annotation issues	2026-04-14T16:53:49.1149932Z ##[error]Process completed with exit code 1.
Process all open annotation issues	Post Checkout repository	﻿2026-04-14T16:53:49.1265123Z Post job cleanup.
Process all open annotation issues	Post Checkout repository	2026-04-14T16:53:49.2071349Z [command]/usr/bin/git version
Process all open annotation issues	Post Checkout repository	2026-04-14T16:53:49.2107777Z git version 2.53.0
Process all open annotation issues	Post Checkout repository	2026-04-14T16:53:49.2144755Z Temporarily overriding HOME='/home/runner/work/_temp/48e63c05-e8ce-4e2a-b7fe-860ba36d3358' before making global git config changes
Process all open annotation issues	Post Checkout repository	2026-04-14T16:53:49.2146116Z Adding repository directory to the temporary git global config as a safe directory
Process all open annotation issues	Post Checkout repository	2026-04-14T16:53:49.2150215Z [command]/usr/bin/git config --global --add safe.directory /home/runner/work/aurora/aurora
Process all open annotation issues	Post Checkout repository	2026-04-14T16:53:49.2186512Z [command]/usr/bin/git config --local --name-only --get-regexp core\.sshCommand
Process all open annotation issues	Post Checkout repository	2026-04-14T16:53:49.2219022Z [command]/usr/bin/git submodule foreach --recursive sh -c "git config --local --name-only --get-regexp 'core\.sshCommand' && git config --local --unset-all 'core.sshCommand' || :"
Process all open annotation issues	Post Checkout repository	2026-04-14T16:53:49.2441451Z [command]/usr/bin/git config --local --name-only --get-regexp http\.https\:\/\/github\.com\/\.extraheader
Process all open annotation issues	Post Checkout repository	2026-04-14T16:53:49.2463318Z http.https://github.com/.extraheader
Process all open annotation issues	Post Checkout repository	2026-04-14T16:53:49.2473986Z [command]/usr/bin/git config --local --unset-all http.https://github.com/.extraheader
Process all open annotation issues	Post Checkout repository	2026-04-14T16:53:49.2505607Z [command]/usr/bin/git submodule foreach --recursive sh -c "git config --local --name-only --get-regexp 'http\.https\:\/\/github\.com\/\.extraheader' && git config --local --unset-all 'http.https://github.com/.extraheader' || :"
Process all open annotation issues	Post Checkout repository	2026-04-14T16:53:49.2723458Z [command]/usr/bin/git config --local --name-only --get-regexp ^includeIf\.gitdir:
Process all open annotation issues	Post Checkout repository	2026-04-14T16:53:49.2753974Z [command]/usr/bin/git submodule foreach --recursive git config --local --show-origin --name-only --get-regexp remote.origin.url
Process all open annotation issues	Complete job	﻿2026-04-14T16:53:49.3120292Z Cleaning up orphan processes
Process all open annotation issues	Complete job	2026-04-14T16:53:49.3413922Z ##[warning]Node.js 20 is deprecated. The following actions target Node.js 20 but are being forced to run on Node.js 24: actions/checkout@v4, actions/setup-python@v5. For more information see: https://github.blog/changelog/2025-09-19-deprecation-of-node-20-on-github-actions-runners/
